// Jest Snapshot v1, https://goo.gl/fbAQLP

exports[`fixtures schemas should be  1`] = `
Object {
  "definitions": Array [
    Object {
      "directives": Array [],
      "fields": Array [
        Object {
          "arguments": Array [
            Object {
              "defaultValue": undefined,
              "description": undefined,
              "directives": Array [],
              "kind": "InputValueDefinition",
              "name": Object {
                "kind": "Name",
                "value": "teamId",
              },
              "type": Object {
                "kind": "NonNullType",
                "type": Object {
                  "kind": "NamedType",
                  "name": Object {
                    "kind": "Name",
                    "value": "String",
                  },
                },
              },
            },
          ],
          "description": undefined,
          "directives": Array [],
          "kind": "FieldDefinition",
          "name": Object {
            "kind": "Name",
            "value": "team",
          },
          "type": Object {
            "kind": "NamedType",
            "name": Object {
              "kind": "Name",
              "value": "Team",
            },
          },
        },
        Object {
          "arguments": Array [
            Object {
              "defaultValue": undefined,
              "description": undefined,
              "directives": Array [],
              "kind": "InputValueDefinition",
              "name": Object {
                "kind": "Name",
                "value": "tier",
              },
              "type": Object {
                "kind": "NamedType",
                "name": Object {
                  "kind": "Name",
                  "value": "String",
                },
              },
            },
            Object {
              "defaultValue": undefined,
              "description": undefined,
              "directives": Array [],
              "kind": "InputValueDefinition",
              "name": Object {
                "kind": "Name",
                "value": "season",
              },
              "type": Object {
                "kind": "NamedType",
                "name": Object {
                  "kind": "Name",
                  "value": "Int",
                },
              },
            },
          ],
          "description": undefined,
          "directives": Array [],
          "kind": "FieldDefinition",
          "name": Object {
            "kind": "Name",
            "value": "teams",
          },
          "type": Object {
            "kind": "ListType",
            "type": Object {
              "kind": "NamedType",
              "name": Object {
                "kind": "Name",
                "value": "Team",
              },
            },
          },
        },
      ],
      "interfaces": Array [],
      "kind": "ObjectTypeExtension",
      "name": Object {
        "kind": "Name",
        "value": "Query",
      },
    },
    Object {
      "description": undefined,
      "directives": Array [],
      "fields": Array [
        Object {
          "arguments": Array [],
          "description": undefined,
          "directives": Array [],
          "kind": "FieldDefinition",
          "name": Object {
            "kind": "Name",
            "value": "teamId",
          },
          "type": Object {
            "kind": "NamedType",
            "name": Object {
              "kind": "Name",
              "value": "String",
            },
          },
        },
        Object {
          "arguments": Array [],
          "description": undefined,
          "directives": Array [],
          "kind": "FieldDefinition",
          "name": Object {
            "kind": "Name",
            "value": "name",
          },
          "type": Object {
            "kind": "NamedType",
            "name": Object {
              "kind": "Name",
              "value": "String",
            },
          },
        },
        Object {
          "arguments": Array [],
          "description": undefined,
          "directives": Array [],
          "kind": "FieldDefinition",
          "name": Object {
            "kind": "Name",
            "value": "fullName",
          },
          "type": Object {
            "kind": "NamedType",
            "name": Object {
              "kind": "Name",
              "value": "String",
            },
          },
        },
        Object {
          "arguments": Array [],
          "description": undefined,
          "directives": Array [],
          "kind": "FieldDefinition",
          "name": Object {
            "kind": "Name",
            "value": "stadium",
          },
          "type": Object {
            "kind": "NamedType",
            "name": Object {
              "kind": "Name",
              "value": "String",
            },
          },
        },
        Object {
          "arguments": Array [],
          "description": undefined,
          "directives": Array [],
          "kind": "FieldDefinition",
          "name": Object {
            "kind": "Name",
            "value": "province",
          },
          "type": Object {
            "kind": "NamedType",
            "name": Object {
              "kind": "Name",
              "value": "String",
            },
          },
        },
        Object {
          "arguments": Array [],
          "description": undefined,
          "directives": Array [],
          "kind": "FieldDefinition",
          "name": Object {
            "kind": "Name",
            "value": "chairman",
          },
          "type": Object {
            "kind": "NamedType",
            "name": Object {
              "kind": "Name",
              "value": "String",
            },
          },
        },
        Object {
          "arguments": Array [],
          "description": undefined,
          "directives": Array [],
          "kind": "FieldDefinition",
          "name": Object {
            "kind": "Name",
            "value": "manager",
          },
          "type": Object {
            "kind": "NamedType",
            "name": Object {
              "kind": "Name",
              "value": "String",
            },
          },
        },
        Object {
          "arguments": Array [],
          "description": undefined,
          "directives": Array [],
          "kind": "FieldDefinition",
          "name": Object {
            "kind": "Name",
            "value": "founded",
          },
          "type": Object {
            "kind": "NamedType",
            "name": Object {
              "kind": "Name",
              "value": "String",
            },
          },
        },
        Object {
          "arguments": Array [],
          "description": undefined,
          "directives": Array [],
          "kind": "FieldDefinition",
          "name": Object {
            "kind": "Name",
            "value": "active",
          },
          "type": Object {
            "kind": "NamedType",
            "name": Object {
              "kind": "Name",
              "value": "Boolean",
            },
          },
        },
        Object {
          "arguments": Array [],
          "description": undefined,
          "directives": Array [],
          "kind": "FieldDefinition",
          "name": Object {
            "kind": "Name",
            "value": "tier",
          },
          "type": Object {
            "kind": "NamedType",
            "name": Object {
              "kind": "Name",
              "value": "String",
            },
          },
        },
        Object {
          "arguments": Array [],
          "description": undefined,
          "directives": Array [],
          "kind": "FieldDefinition",
          "name": Object {
            "kind": "Name",
            "value": "standings",
          },
          "type": Object {
            "kind": "ListType",
            "type": Object {
              "kind": "NamedType",
              "name": Object {
                "kind": "Name",
                "value": "Standing",
              },
            },
          },
        },
        Object {
          "arguments": Array [],
          "description": undefined,
          "directives": Array [],
          "kind": "FieldDefinition",
          "name": Object {
            "kind": "Name",
            "value": "fixtures",
          },
          "type": Object {
            "kind": "ListType",
            "type": Object {
              "kind": "NamedType",
              "name": Object {
                "kind": "Name",
                "value": "Fixture",
              },
            },
          },
        },
        Object {
          "arguments": Array [],
          "description": undefined,
          "directives": Array [],
          "kind": "FieldDefinition",
          "name": Object {
            "kind": "Name",
            "value": "results",
          },
          "type": Object {
            "kind": "ListType",
            "type": Object {
              "kind": "NamedType",
              "name": Object {
                "kind": "Name",
                "value": "Fixture",
              },
            },
          },
        },
        Object {
          "arguments": Array [],
          "description": undefined,
          "directives": Array [],
          "kind": "FieldDefinition",
          "name": Object {
            "kind": "Name",
            "value": "players",
          },
          "type": Object {
            "kind": "ListType",
            "type": Object {
              "kind": "NamedType",
              "name": Object {
                "kind": "Name",
                "value": "Player",
              },
            },
          },
        },
      ],
      "interfaces": Array [],
      "kind": "ObjectTypeDefinition",
      "name": Object {
        "kind": "Name",
        "value": "Team",
      },
    },
  ],
  "kind": "Document",
  "loc": Object {
    "end": 414,
    "start": 0,
  },
}
`;
